{"completed": 1, "total": 60, "dataset": "chain-16000", "variant": "arena_counted", "cpu_s": 0.295952465, "rss_mib": 22.4609375}
{"completed": 2, "total": 60, "dataset": "chain-8000", "variant": "h3_fused", "cpu_s": 0.15927975699999997, "rss_mib": 21.1640625}
{"completed": 3, "total": 60, "dataset": "chain-8000", "variant": "baseline", "cpu_s": 0.139421913, "rss_mib": 21.0703125}
{"completed": 4, "total": 60, "dataset": "chain-8000", "variant": "arena_counted", "cpu_s": 0.14646556700000002, "rss_mib": 19.48828125}
{"completed": 5, "total": 60, "dataset": "chain-2000", "variant": "arena_counted", "cpu_s": 0.039145943, "rss_mib": 17.55859375}
{"completed": 6, "total": 60, "dataset": "chain-2000", "variant": "filtered", "cpu_s": 0.029508898000000006, "rss_mib": 17.44140625}
{"completed": 7, "total": 60, "dataset": "chain-8000", "variant": "arena_counted", "cpu_s": 0.142004996, "rss_mib": 19.50390625}
{"completed": 8, "total": 60, "dataset": "chain-16000", "variant": "baseline", "cpu_s": 0.293172379, "rss_mib": 25.4765625}
{"completed": 9, "total": 60, "dataset": "chain-2000", "variant": "h3_fused", "cpu_s": 0.03703457099999999, "rss_mib": 17.828125}
{"completed": 10, "total": 60, "dataset": "chain-8000", "variant": "packed", "cpu_s": 0.130694822, "rss_mib": 20.03515625}
{"completed": 11, "total": 60, "dataset": "chain-8000", "variant": "filtered", "cpu_s": 0.14405411, "rss_mib": 19.70703125}
{"completed": 12, "total": 60, "dataset": "chain-8000", "variant": "arena_counted", "cpu_s": 0.166550061, "rss_mib": 19.4921875}
{"completed": 13, "total": 60, "dataset": "chain-4000", "variant": "h3_fused", "cpu_s": 0.07706120699999999, "rss_mib": 18.90234375}
{"completed": 14, "total": 60, "dataset": "chain-4000", "variant": "arena_counted", "cpu_s": 0.075293556, "rss_mib": 18.23046875}
{"completed": 15, "total": 60, "dataset": "chain-16000", "variant": "baseline", "cpu_s": 0.293734999, "rss_mib": 25.359375}
{"completed": 16, "total": 60, "dataset": "chain-4000", "variant": "packed", "cpu_s": 0.054605719999999996, "rss_mib": 18.30078125}
{"completed": 17, "total": 60, "dataset": "chain-8000", "variant": "baseline", "cpu_s": 0.142043363, "rss_mib": 21.15234375}
{"completed": 18, "total": 60, "dataset": "chain-2000", "variant": "baseline", "cpu_s": 0.03323187300000001, "rss_mib": 17.7890625}
{"completed": 19, "total": 60, "dataset": "chain-16000", "variant": "baseline", "cpu_s": 0.273203891, "rss_mib": 25.3984375}
{"completed": 20, "total": 60, "dataset": "chain-4000", "variant": "arena_counted", "cpu_s": 0.07254116399999999, "rss_mib": 18.3203125}
{"completed": 21, "total": 60, "dataset": "chain-16000", "variant": "packed", "cpu_s": 0.23160354100000002, "rss_mib": 23.109375}
{"completed": 22, "total": 60, "dataset": "chain-2000", "variant": "baseline", "cpu_s": 0.03309422299999999, "rss_mib": 17.8046875}
{"completed": 23, "total": 60, "dataset": "chain-4000", "variant": "filtered", "cpu_s": 0.05985647999999999, "rss_mib": 18.25390625}
{"completed": 24, "total": 60, "dataset": "chain-16000", "variant": "h3_fused", "cpu_s": 0.32781093400000005, "rss_mib": 25.328125}
{"completed": 25, "total": 60, "dataset": "chain-8000", "variant": "filtered", "cpu_s": 0.122552271, "rss_mib": 19.78515625}
{"completed": 26, "total": 60, "dataset": "chain-4000", "variant": "arena_counted", "cpu_s": 0.07483456, "rss_mib": 18.3046875}
{"completed": 27, "total": 60, "dataset": "chain-16000", "variant": "arena_counted", "cpu_s": 0.304020073, "rss_mib": 22.44140625}
{"completed": 28, "total": 60, "dataset": "chain-4000", "variant": "filtered", "cpu_s": 0.06415735300000001, "rss_mib": 18.14453125}
{"completed": 29, "total": 60, "dataset": "chain-16000", "variant": "arena_counted", "cpu_s": 0.297570163, "rss_mib": 22.44921875}
{"completed": 30, "total": 60, "dataset": "chain-8000", "variant": "baseline", "cpu_s": 0.13775820700000002, "rss_mib": 21.1796875}
{"completed": 31, "total": 60, "dataset": "chain-2000", "variant": "packed", "cpu_s": 0.026623598, "rss_mib": 17.625}
{"completed": 32, "total": 60, "dataset": "chain-2000", "variant": "h3_fused", "cpu_s": 0.03585229499999999, "rss_mib": 17.875}
{"completed": 33, "total": 60, "dataset": "chain-2000", "variant": "h3_fused", "cpu_s": 0.03667723299999999, "rss_mib": 17.875}
{"completed": 34, "total": 60, "dataset": "chain-2000", "variant": "filtered", "cpu_s": 0.02916982600000001, "rss_mib": 17.4140625}
{"completed": 35, "total": 60, "dataset": "chain-8000", "variant": "h3_fused", "cpu_s": 0.169584163, "rss_mib": 21.15625}
{"completed": 36, "total": 60, "dataset": "chain-8000", "variant": "packed", "cpu_s": 0.116868592, "rss_mib": 20.03125}
{"completed": 37, "total": 60, "dataset": "chain-4000", "variant": "baseline", "cpu_s": 0.068616946, "rss_mib": 18.9296875}
{"completed": 38, "total": 60, "dataset": "chain-8000", "variant": "packed", "cpu_s": 0.08982469500000001, "rss_mib": 20.01953125}
{"completed": 39, "total": 60, "dataset": "chain-2000", "variant": "filtered", "cpu_s": 0.022087661999999994, "rss_mib": 17.42578125}
{"completed": 40, "total": 60, "dataset": "chain-4000", "variant": "h3_fused", "cpu_s": 0.079984873, "rss_mib": 18.93359375}
{"completed": 41, "total": 60, "dataset": "chain-4000", "variant": "filtered", "cpu_s": 0.06102856599999999, "rss_mib": 18.16015625}
{"completed": 42, "total": 60, "dataset": "chain-16000", "variant": "filtered", "cpu_s": 0.24710760399999998, "rss_mib": 23.05859375}
{"completed": 43, "total": 60, "dataset": "chain-16000", "variant": "h3_fused", "cpu_s": 0.31810297899999995, "rss_mib": 25.25}
{"completed": 44, "total": 60, "dataset": "chain-16000", "variant": "filtered", "cpu_s": 0.27156526, "rss_mib": 22.77734375}
{"completed": 45, "total": 60, "dataset": "chain-16000", "variant": "packed", "cpu_s": 0.210197503, "rss_mib": 23.0234375}
{"completed": 46, "total": 60, "dataset": "chain-2000", "variant": "arena_counted", "cpu_s": 0.036257495, "rss_mib": 17.48046875}
{"completed": 47, "total": 60, "dataset": "chain-2000", "variant": "packed", "cpu_s": 0.04147535399999999, "rss_mib": 17.640625}
{"completed": 48, "total": 60, "dataset": "chain-4000", "variant": "packed", "cpu_s": 0.048069149000000005, "rss_mib": 18.3828125}
{"completed": 49, "total": 60, "dataset": "chain-2000", "variant": "packed", "cpu_s": 0.026297083, "rss_mib": 17.6328125}
{"completed": 50, "total": 60, "dataset": "chain-16000", "variant": "packed", "cpu_s": 0.22737385300000001, "rss_mib": 23.109375}
{"completed": 51, "total": 60, "dataset": "chain-4000", "variant": "baseline", "cpu_s": 0.064616014, "rss_mib": 19.01171875}
{"completed": 52, "total": 60, "dataset": "chain-8000", "variant": "filtered", "cpu_s": 0.10575684, "rss_mib": 19.671875}
{"completed": 53, "total": 60, "dataset": "chain-16000", "variant": "filtered", "cpu_s": 0.242245325, "rss_mib": 22.90625}
{"completed": 54, "total": 60, "dataset": "chain-16000", "variant": "h3_fused", "cpu_s": 0.35435587700000004, "rss_mib": 25.25390625}
{"completed": 55, "total": 60, "dataset": "chain-2000", "variant": "arena_counted", "cpu_s": 0.03783038699999999, "rss_mib": 17.5625}
{"completed": 56, "total": 60, "dataset": "chain-8000", "variant": "h3_fused", "cpu_s": 0.155612407, "rss_mib": 21.0546875}
{"completed": 57, "total": 60, "dataset": "chain-4000", "variant": "packed", "cpu_s": 0.05268724400000001, "rss_mib": 18.30078125}
{"completed": 58, "total": 60, "dataset": "chain-2000", "variant": "baseline", "cpu_s": 0.03193721199999999, "rss_mib": 17.88671875}
{"completed": 59, "total": 60, "dataset": "chain-4000", "variant": "baseline", "cpu_s": 0.06580060600000001, "rss_mib": 19.02734375}
{"completed": 60, "total": 60, "dataset": "chain-4000", "variant": "h3_fused", "cpu_s": 0.07606472099999999, "rss_mib": 19.01171875}
