{"completed": 1, "total": 45, "dataset": "random-131072", "variant": "baseline", "cpu_s": 0.961756637, "rss_mib": 30.66796875}
{"completed": 2, "total": 45, "dataset": "runs-131072", "variant": "h3_fused", "cpu_s": 1.283203815, "rss_mib": 18.9296875}
{"completed": 3, "total": 45, "dataset": "random-131072", "variant": "h3_fused", "cpu_s": 1.1242008890000001, "rss_mib": 30.5859375}
{"completed": 4, "total": 45, "dataset": "runs-131072", "variant": "baseline", "cpu_s": 0.9210451590000001, "rss_mib": 18.953125}
{"completed": 5, "total": 45, "dataset": "en-1m", "variant": "arena_counted", "cpu_s": 1.807564867, "rss_mib": 32.48828125}
{"completed": 6, "total": 45, "dataset": "runs-131072", "variant": "packed", "cpu_s": 0.925631622, "rss_mib": 18.94140625}
{"completed": 7, "total": 45, "dataset": "random-131072", "variant": "arena_counted", "cpu_s": 1.392197684, "rss_mib": 23.40234375}
{"completed": 8, "total": 45, "dataset": "runs-131072", "variant": "arena_counted", "cpu_s": 1.39730446, "rss_mib": 18.90625}
{"completed": 9, "total": 45, "dataset": "runs-131072", "variant": "packed", "cpu_s": 0.992267036, "rss_mib": 18.921875}
{"completed": 10, "total": 45, "dataset": "en-1m", "variant": "arena_counted", "cpu_s": 1.808671195, "rss_mib": 32.375}
{"completed": 11, "total": 45, "dataset": "runs-131072", "variant": "h3_fused", "cpu_s": 1.2236009019999998, "rss_mib": 18.8125}
{"completed": 12, "total": 45, "dataset": "en-1m", "variant": "packed", "cpu_s": 1.160471165, "rss_mib": 34.65234375}
{"completed": 13, "total": 45, "dataset": "random-131072", "variant": "packed", "cpu_s": 0.8886677319999999, "rss_mib": 29.1015625}
{"completed": 14, "total": 45, "dataset": "random-131072", "variant": "h3_fused", "cpu_s": 1.169991939, "rss_mib": 30.546875}
{"completed": 15, "total": 45, "dataset": "runs-131072", "variant": "arena_counted", "cpu_s": 1.5765361690000002, "rss_mib": 18.828125}
{"completed": 16, "total": 45, "dataset": "random-131072", "variant": "baseline", "cpu_s": 0.992188578, "rss_mib": 30.5234375}
{"completed": 17, "total": 45, "dataset": "runs-131072", "variant": "filtered", "cpu_s": 1.07212813, "rss_mib": 19.03515625}
{"completed": 18, "total": 45, "dataset": "runs-131072", "variant": "h3_fused", "cpu_s": 1.118748049, "rss_mib": 18.9140625}
{"completed": 19, "total": 45, "dataset": "runs-131072", "variant": "filtered", "cpu_s": 1.020610345, "rss_mib": 19.0390625}
{"completed": 20, "total": 45, "dataset": "runs-131072", "variant": "arena_counted", "cpu_s": 1.596289227, "rss_mib": 18.953125}
{"completed": 21, "total": 45, "dataset": "en-1m", "variant": "baseline", "cpu_s": 1.3191857660000001, "rss_mib": 36.87109375}
{"completed": 22, "total": 45, "dataset": "runs-131072", "variant": "packed", "cpu_s": 0.998967038, "rss_mib": 19.03515625}
{"completed": 23, "total": 45, "dataset": "en-1m", "variant": "filtered", "cpu_s": 1.359847047, "rss_mib": 32.8203125}
{"completed": 24, "total": 45, "dataset": "en-1m", "variant": "arena_counted", "cpu_s": 1.759975314, "rss_mib": 32.48828125}
{"completed": 25, "total": 45, "dataset": "en-1m", "variant": "packed", "cpu_s": 1.230577347, "rss_mib": 34.69140625}
{"completed": 26, "total": 45, "dataset": "runs-131072", "variant": "baseline", "cpu_s": 1.019397222, "rss_mib": 19.03125}
{"completed": 27, "total": 45, "dataset": "en-1m", "variant": "filtered", "cpu_s": 1.337335543, "rss_mib": 32.93359375}
{"completed": 28, "total": 45, "dataset": "runs-131072", "variant": "baseline", "cpu_s": 1.054281476, "rss_mib": 18.9375}
{"completed": 29, "total": 45, "dataset": "random-131072", "variant": "packed", "cpu_s": 0.909466323, "rss_mib": 29.2109375}
{"completed": 30, "total": 45, "dataset": "random-131072", "variant": "arena_counted", "cpu_s": 1.381001041, "rss_mib": 23.3125}
{"completed": 31, "total": 45, "dataset": "random-131072", "variant": "baseline", "cpu_s": 0.956422951, "rss_mib": 30.5703125}
{"completed": 32, "total": 45, "dataset": "random-131072", "variant": "filtered", "cpu_s": 1.053800147, "rss_mib": 25.5546875}
{"completed": 33, "total": 45, "dataset": "runs-131072", "variant": "filtered", "cpu_s": 0.991340358, "rss_mib": 18.95703125}
{"completed": 34, "total": 45, "dataset": "en-1m", "variant": "filtered", "cpu_s": 1.461393074, "rss_mib": 32.828125}
{"completed": 35, "total": 45, "dataset": "en-1m", "variant": "h3_fused", "cpu_s": 1.481508202, "rss_mib": 36.828125}
{"completed": 36, "total": 45, "dataset": "random-131072", "variant": "filtered", "cpu_s": 1.0468795720000001, "rss_mib": 25.6484375}
{"completed": 37, "total": 45, "dataset": "random-131072", "variant": "arena_counted", "cpu_s": 1.474502313, "rss_mib": 23.3125}
{"completed": 38, "total": 45, "dataset": "random-131072", "variant": "packed", "cpu_s": 0.9374726150000001, "rss_mib": 29.2734375}
{"completed": 39, "total": 45, "dataset": "en-1m", "variant": "packed", "cpu_s": 1.260386041, "rss_mib": 34.69140625}
{"completed": 40, "total": 45, "dataset": "random-131072", "variant": "filtered", "cpu_s": 0.997824654, "rss_mib": 25.73046875}
{"completed": 41, "total": 45, "dataset": "random-131072", "variant": "h3_fused", "cpu_s": 1.145588724, "rss_mib": 30.50390625}
{"completed": 42, "total": 45, "dataset": "en-1m", "variant": "h3_fused", "cpu_s": 1.5294068330000001, "rss_mib": 36.8671875}
{"completed": 43, "total": 45, "dataset": "en-1m", "variant": "baseline", "cpu_s": 1.106654629, "rss_mib": 37.04296875}
{"completed": 44, "total": 45, "dataset": "en-1m", "variant": "baseline", "cpu_s": 1.230557303, "rss_mib": 36.875}
{"completed": 45, "total": 45, "dataset": "en-1m", "variant": "h3_fused", "cpu_s": 1.613086302, "rss_mib": 36.8671875}
