{"completed": 1, "total": 63, "variant": "spawn2", "dataset": "zh-4m", "wall_s": 5.609745805995772, "cpu_s": 8.984149086999999}
{"completed": 2, "total": 63, "variant": "sparse2", "dataset": "en-4m", "wall_s": 2.9187193749967264, "cpu_s": 4.697467334}
{"completed": 3, "total": 63, "variant": "spawn1", "dataset": "zh-4m", "wall_s": 7.436921387008624, "cpu_s": 8.433189398}
{"completed": 4, "total": 63, "variant": "packed", "dataset": "en-1m", "wall_s": 6.716074904004927, "cpu_s": 6.961337309}
{"completed": 5, "total": 63, "variant": "sparse4", "dataset": "zh-4m", "wall_s": 5.485418426003889, "cpu_s": 10.435461477}
{"completed": 6, "total": 63, "variant": "spawn2", "dataset": "en-4m", "wall_s": 2.9907534280064283, "cpu_s": 4.740163775999999}
{"completed": 7, "total": 63, "variant": "spawn4", "dataset": "zh-4m", "wall_s": 5.007746817995212, "cpu_s": 9.987470032000001}
{"completed": 8, "total": 63, "variant": "serial1", "dataset": "en-4m", "wall_s": 3.2439701080002123, "cpu_s": 3.4931543190000003}
{"completed": 9, "total": 63, "variant": "sparse2", "dataset": "en-1m", "wall_s": 5.860490297985962, "cpu_s": 9.655698495}
{"completed": 10, "total": 63, "variant": "spawn4", "dataset": "en-1m", "wall_s": 4.675738233010634, "cpu_s": 10.646714306999998}
{"completed": 11, "total": 63, "variant": "sparse2", "dataset": "en-4m", "wall_s": 3.094626973004779, "cpu_s": 4.871220584}
{"completed": 12, "total": 63, "variant": "sparse4", "dataset": "en-1m", "wall_s": 5.033598089008592, "cpu_s": 11.071285118999999}
{"completed": 13, "total": 63, "variant": "spawn2", "dataset": "zh-4m", "wall_s": 5.533451766998041, "cpu_s": 8.874524964999999}
{"completed": 14, "total": 63, "variant": "packed", "dataset": "zh-4m", "wall_s": 5.169798114002333, "cpu_s": 5.981844563999999}
{"completed": 15, "total": 63, "variant": "sparse4", "dataset": "en-4m", "wall_s": 2.9706672960019205, "cpu_s": 5.795483921}
{"completed": 16, "total": 63, "variant": "spawn2", "dataset": "en-1m", "wall_s": 6.014007406993187, "cpu_s": 9.763967751000001}
{"completed": 17, "total": 63, "variant": "serial1", "dataset": "en-4m", "wall_s": 3.3228831320011523, "cpu_s": 3.5266379060000004}
{"completed": 18, "total": 63, "variant": "sparse4", "dataset": "zh-4m", "wall_s": 5.5358034480013885, "cpu_s": 10.589409771}
{"completed": 19, "total": 63, "variant": "serial1", "dataset": "en-1m", "wall_s": 7.3732704279973404, "cpu_s": 7.653619830999999}
{"completed": 20, "total": 63, "variant": "packed", "dataset": "en-4m", "wall_s": 2.885953477001749, "cpu_s": 3.168307425}
{"completed": 21, "total": 63, "variant": "sparse2", "dataset": "en-4m", "wall_s": 3.0134891030029394, "cpu_s": 4.818579553999999}
{"completed": 22, "total": 63, "variant": "packed", "dataset": "en-1m", "wall_s": 7.157948084000964, "cpu_s": 7.444119507}
{"completed": 23, "total": 63, "variant": "sparse4", "dataset": "en-1m", "wall_s": 5.231659917000798, "cpu_s": 11.374124262}
{"completed": 24, "total": 63, "variant": "spawn1", "dataset": "en-4m", "wall_s": 3.972600951005006, "cpu_s": 4.2648765}
{"completed": 25, "total": 63, "variant": "spawn4", "dataset": "en-1m", "wall_s": 4.842520878999494, "cpu_s": 10.847237279}
{"completed": 26, "total": 63, "variant": "packed", "dataset": "zh-4m", "wall_s": 5.202900107004098, "cpu_s": 5.945495419}
{"completed": 27, "total": 63, "variant": "packed", "dataset": "en-1m", "wall_s": 6.924447061988758, "cpu_s": 7.2164997930000006}
{"completed": 28, "total": 63, "variant": "spawn1", "dataset": "en-1m", "wall_s": 8.79667575500207, "cpu_s": 9.006616195}
{"completed": 29, "total": 63, "variant": "spawn1", "dataset": "zh-4m", "wall_s": 7.342995462997351, "cpu_s": 8.191896132}
{"completed": 30, "total": 63, "variant": "sparse4", "dataset": "en-4m", "wall_s": 2.936493061002693, "cpu_s": 5.658613148000001}
{"completed": 31, "total": 63, "variant": "packed", "dataset": "en-4m", "wall_s": 2.909972410998307, "cpu_s": 3.1477479939999995}
{"completed": 32, "total": 63, "variant": "sparse2", "dataset": "en-1m", "wall_s": 5.901494587000343, "cpu_s": 9.720208079}
{"completed": 33, "total": 63, "variant": "spawn4", "dataset": "en-1m", "wall_s": 5.060022095000022, "cpu_s": 11.015805079000001}
{"completed": 34, "total": 63, "variant": "sparse2", "dataset": "zh-4m", "wall_s": 5.951749257001211, "cpu_s": 9.301800269000001}
{"completed": 35, "total": 63, "variant": "spawn1", "dataset": "en-1m", "wall_s": 8.507733696009382, "cpu_s": 8.803218458}
{"completed": 36, "total": 63, "variant": "spawn2", "dataset": "en-1m", "wall_s": 5.747427206995781, "cpu_s": 9.447834861}
{"completed": 37, "total": 63, "variant": "serial1", "dataset": "en-1m", "wall_s": 7.415044831999694, "cpu_s": 7.707384791999999}
{"completed": 38, "total": 63, "variant": "sparse4", "dataset": "en-4m", "wall_s": 2.924892335999175, "cpu_s": 5.628454967000001}
{"completed": 39, "total": 63, "variant": "packed", "dataset": "en-4m", "wall_s": 2.790899031999288, "cpu_s": 3.050151909}
{"completed": 40, "total": 63, "variant": "sparse4", "dataset": "zh-4m", "wall_s": 5.446002369004418, "cpu_s": 10.386815107}
{"completed": 41, "total": 63, "variant": "spawn2", "dataset": "en-4m", "wall_s": 2.9430187359976117, "cpu_s": 4.831409412999999}
{"completed": 42, "total": 63, "variant": "serial1", "dataset": "zh-4m", "wall_s": 6.068833776997053, "cpu_s": 6.962736870999999}
{"completed": 43, "total": 63, "variant": "spawn4", "dataset": "zh-4m", "wall_s": 4.97696939400339, "cpu_s": 10.043390344999999}
{"completed": 44, "total": 63, "variant": "spawn1", "dataset": "en-4m", "wall_s": 4.003825786989182, "cpu_s": 4.306059436}
{"completed": 45, "total": 63, "variant": "serial1", "dataset": "zh-4m", "wall_s": 6.14804458800063, "cpu_s": 7.0403744800000005}
{"completed": 46, "total": 63, "variant": "serial1", "dataset": "en-4m", "wall_s": 3.211047716002213, "cpu_s": 3.449698724}
{"completed": 47, "total": 63, "variant": "spawn4", "dataset": "en-4m", "wall_s": 2.769702760997461, "cpu_s": 5.601381346}
{"completed": 48, "total": 63, "variant": "spawn4", "dataset": "en-4m", "wall_s": 2.9123760200018296, "cpu_s": 5.754912645000001}
{"completed": 49, "total": 63, "variant": "sparse2", "dataset": "zh-4m", "wall_s": 6.009756665996974, "cpu_s": 9.37672179}
{"completed": 50, "total": 63, "variant": "spawn1", "dataset": "zh-4m", "wall_s": 7.408789175009588, "cpu_s": 8.381291517000001}
{"completed": 51, "total": 63, "variant": "spawn2", "dataset": "en-1m", "wall_s": 5.649737791987718, "cpu_s": 9.578478177000001}
{"completed": 52, "total": 63, "variant": "packed", "dataset": "zh-4m", "wall_s": 5.002447901002597, "cpu_s": 5.838323406}
{"completed": 53, "total": 63, "variant": "spawn2", "dataset": "zh-4m", "wall_s": 5.577832982002292, "cpu_s": 8.842469071}
{"completed": 54, "total": 63, "variant": "serial1", "dataset": "zh-4m", "wall_s": 6.185352590997354, "cpu_s": 7.0644890590000005}
{"completed": 55, "total": 63, "variant": "spawn4", "dataset": "en-4m", "wall_s": 2.9316300969949225, "cpu_s": 5.725298402}
{"completed": 56, "total": 63, "variant": "sparse2", "dataset": "en-1m", "wall_s": 6.023985474996152, "cpu_s": 9.834598913999999}
{"completed": 57, "total": 63, "variant": "spawn2", "dataset": "en-4m", "wall_s": 2.8971296259987867, "cpu_s": 4.7211334}
{"completed": 58, "total": 63, "variant": "spawn1", "dataset": "en-1m", "wall_s": 8.558892740009469, "cpu_s": 8.816573509000001}
{"completed": 59, "total": 63, "variant": "sparse2", "dataset": "zh-4m", "wall_s": 6.164236903001438, "cpu_s": 9.465157810000001}
{"completed": 60, "total": 63, "variant": "spawn4", "dataset": "zh-4m", "wall_s": 5.386305283987895, "cpu_s": 10.629421456000001}
{"completed": 61, "total": 63, "variant": "spawn1", "dataset": "en-4m", "wall_s": 4.024183615008951, "cpu_s": 4.346581817}
{"completed": 62, "total": 63, "variant": "sparse4", "dataset": "en-1m", "wall_s": 5.058090756996535, "cpu_s": 10.863620052}
{"completed": 63, "total": 63, "variant": "serial1", "dataset": "en-1m", "wall_s": 7.395634222993976, "cpu_s": 7.708661429000001}
