{"completed": 1, "total": 24, "variant": "spawn1", "dataset": "chain-2000", "wall_s": 0.3237026479910128, "cpu_s": 0.353022258}
{"completed": 2, "total": 24, "variant": "sparse4", "dataset": "runs-131072", "wall_s": 0.7062597369949799, "cpu_s": 1.423581909}
{"completed": 3, "total": 24, "variant": "packed", "dataset": "runs-131072", "wall_s": 0.9912457790051121, "cpu_s": 0.9859344400000001}
{"completed": 4, "total": 24, "variant": "spawn1", "dataset": "runs-131072", "wall_s": 1.1602998849994037, "cpu_s": 1.1633268380000001}
{"completed": 5, "total": 24, "variant": "packed", "dataset": "chain-2000", "wall_s": 0.02580837999994401, "cpu_s": 0.027902664999999993}
{"completed": 6, "total": 24, "variant": "spawn4", "dataset": "runs-131072", "wall_s": 0.7448257409996586, "cpu_s": 1.5076933689999998}
{"completed": 7, "total": 24, "variant": "spawn1", "dataset": "chain-2000", "wall_s": 0.3124246280058287, "cpu_s": 0.34761918599999997}
{"completed": 8, "total": 24, "variant": "sparse4", "dataset": "runs-131072", "wall_s": 0.8567788069922244, "cpu_s": 1.65653548}
{"completed": 9, "total": 24, "variant": "spawn1", "dataset": "runs-131072", "wall_s": 1.168949316997896, "cpu_s": 1.1828318999999998}
{"completed": 10, "total": 24, "variant": "packed", "dataset": "chain-2000", "wall_s": 0.028551432988024317, "cpu_s": 0.030910472999999994}
{"completed": 11, "total": 24, "variant": "spawn4", "dataset": "chain-2000", "wall_s": 0.30948274199909065, "cpu_s": 0.347395388}
{"completed": 12, "total": 24, "variant": "spawn4", "dataset": "runs-131072", "wall_s": 0.7368909590004478, "cpu_s": 1.5312003769999998}
{"completed": 13, "total": 24, "variant": "spawn1", "dataset": "chain-2000", "wall_s": 0.303201144997729, "cpu_s": 0.336550581}
{"completed": 14, "total": 24, "variant": "spawn1", "dataset": "runs-131072", "wall_s": 1.1874367569980677, "cpu_s": 1.164203239}
{"completed": 15, "total": 24, "variant": "sparse4", "dataset": "chain-2000", "wall_s": 0.33646028899238445, "cpu_s": 0.35937777000000004}
{"completed": 16, "total": 24, "variant": "spawn4", "dataset": "runs-131072", "wall_s": 0.7259566450084094, "cpu_s": 1.4813222760000002}
{"completed": 17, "total": 24, "variant": "packed", "dataset": "runs-131072", "wall_s": 1.0069579949922627, "cpu_s": 1.0028360570000001}
{"completed": 18, "total": 24, "variant": "sparse4", "dataset": "chain-2000", "wall_s": 0.2904799859970808, "cpu_s": 0.31646206}
{"completed": 19, "total": 24, "variant": "packed", "dataset": "runs-131072", "wall_s": 0.9948093950079056, "cpu_s": 0.9929260959999999}
{"completed": 20, "total": 24, "variant": "spawn4", "dataset": "chain-2000", "wall_s": 0.3385112199903233, "cpu_s": 0.373411045}
{"completed": 21, "total": 24, "variant": "packed", "dataset": "chain-2000", "wall_s": 0.02396173200395424, "cpu_s": 0.025516322000000008}
{"completed": 22, "total": 24, "variant": "sparse4", "dataset": "chain-2000", "wall_s": 0.3354172050021589, "cpu_s": 0.36701282}
{"completed": 23, "total": 24, "variant": "spawn4", "dataset": "chain-2000", "wall_s": 0.31673772299836855, "cpu_s": 0.348304387}
{"completed": 24, "total": 24, "variant": "sparse4", "dataset": "runs-131072", "wall_s": 0.7397612939967075, "cpu_s": 1.453988236}
