{"completed": 1, "total": 24, "dataset": "en-4m", "variant": "filtered", "cpu_s": 3.205030764, "rss_mib": 70.08203125}
{"completed": 2, "total": 24, "dataset": "zh-4m", "variant": "arena_counted", "cpu_s": 6.844095600000001, "rss_mib": 115.6796875}
{"completed": 3, "total": 24, "dataset": "en-4m", "variant": "packed", "cpu_s": 2.8118990520000002, "rss_mib": 69.80078125}
{"completed": 4, "total": 24, "dataset": "zh-4m", "variant": "packed", "cpu_s": 5.121210179, "rss_mib": 164.7265625}
{"completed": 5, "total": 24, "dataset": "en-4m", "variant": "arena_counted", "cpu_s": 4.216650499, "rss_mib": 70.15234375}
{"completed": 6, "total": 24, "dataset": "en-4m", "variant": "filtered", "cpu_s": 3.350215802, "rss_mib": 69.8359375}
{"completed": 7, "total": 24, "dataset": "en-4m", "variant": "baseline", "cpu_s": 2.948955383, "rss_mib": 69.94140625}
{"completed": 8, "total": 24, "dataset": "en-4m", "variant": "filtered", "cpu_s": 3.1237772080000004, "rss_mib": 70.078125}
{"completed": 9, "total": 24, "dataset": "zh-4m", "variant": "filtered", "cpu_s": 5.862237262000001, "rss_mib": 125.8125}
{"completed": 10, "total": 24, "dataset": "zh-4m", "variant": "arena_counted", "cpu_s": 7.090899479, "rss_mib": 116.2109375}
{"completed": 11, "total": 24, "dataset": "zh-4m", "variant": "packed", "cpu_s": 5.079857581, "rss_mib": 164.70703125}
{"completed": 12, "total": 24, "dataset": "zh-4m", "variant": "baseline", "cpu_s": 5.646377979, "rss_mib": 212.9296875}
{"completed": 13, "total": 24, "dataset": "zh-4m", "variant": "filtered", "cpu_s": 5.766302671, "rss_mib": 125.67578125}
{"completed": 14, "total": 24, "dataset": "en-4m", "variant": "arena_counted", "cpu_s": 4.263626672, "rss_mib": 70.125}
{"completed": 15, "total": 24, "dataset": "en-4m", "variant": "arena_counted", "cpu_s": 3.999001458, "rss_mib": 70.265625}
{"completed": 16, "total": 24, "dataset": "en-4m", "variant": "packed", "cpu_s": 2.825337019, "rss_mib": 70.171875}
{"completed": 17, "total": 24, "dataset": "en-4m", "variant": "baseline", "cpu_s": 2.882255963, "rss_mib": 69.734375}
{"completed": 18, "total": 24, "dataset": "zh-4m", "variant": "packed", "cpu_s": 5.100262568, "rss_mib": 164.8125}
{"completed": 19, "total": 24, "dataset": "en-4m", "variant": "baseline", "cpu_s": 2.789543601, "rss_mib": 69.8515625}
{"completed": 20, "total": 24, "dataset": "en-4m", "variant": "packed", "cpu_s": 2.8191072939999997, "rss_mib": 69.8359375}
{"completed": 21, "total": 24, "dataset": "zh-4m", "variant": "arena_counted", "cpu_s": 6.917445197000001, "rss_mib": 116.57421875}
{"completed": 22, "total": 24, "dataset": "zh-4m", "variant": "baseline", "cpu_s": 5.601344084, "rss_mib": 212.93359375}
{"completed": 23, "total": 24, "dataset": "zh-4m", "variant": "baseline", "cpu_s": 5.709000877, "rss_mib": 212.828125}
{"completed": 24, "total": 24, "dataset": "zh-4m", "variant": "filtered", "cpu_s": 5.7248319180000005, "rss_mib": 125.83203125}
